src/000_plugins.php:4 PhanPluginInstanceOfObject Cannot call instanceof against `object`
src/000_plugins.php:4 PhanUndeclaredClassInstanceof Checking instanceof against undeclared class \object
src/000_plugins.php:10 PhanPluginDollarDollar $$ Variables are not allowed.
src/000_plugins.php:17 PhanPluginDuplicateArrayKey Duplicate/Equivalent array key literal(0) detected in array - the earlier entry will be ignored.
src/000_plugins.php:21 PhanPluginMixedKeyNoKey Should not mix array entries of the form [key => value,] with entries of the form [value,].
src/000_plugins.php:28 PhanPluginUndeclaredVariableIsset undeclared variable $foo in isset()
src/000_plugins.php:29 PhanPluginComplexVariableIsset Unanalyzable complex variable expression in isset
src/000_plugins.php:29 PhanPluginDollarDollar $$ Variables are not allowed.
src/000_plugins.php:33 PhanPluginNonBoolBranch Non bool value evaluated in if clause
src/000_plugins.php:40 PhanPluginNonBoolInLogicalArith Non bool value in logical arithmetic
src/000_plugins.php:47 PhanPluginNumericalComparison non numerical values compared by the operators '==' or '!=='
src/000_plugins.php:49 PhanPluginNumericalComparison numerical values compared by the operators '===' or '!=='
src/000_plugins.php:55 UnusedSuppression Element \testUnusedSuppressionPlugin suppresses issue PhanParamTooFew but does not use it
src/000_plugins.php:61 PhanUnreferencedFunction Possibly zero references to function \testUnreferencedFunction
src/000_plugins.php:66 PhanUnreferencedClass Possibly zero references to class \__autoload
src/000_plugins.php:67 PhanUnreferencedConstant Possibly zero references to constant \__autoload
src/000_plugins.php:69 PhanPluginAlwaysReturnFunction Function \missingReturnType has a return type of int, but may fail to return a value
src/000_plugins.php:77 PhanPluginAlwaysReturnMethod Method \ReturnChecks::missingReturnTypeSwitch has a return type of int, but may fail to return a value
src/000_plugins.php:127 PhanTypeMismatchArgumentInternal Argument 1 (string) is int but \strlen() takes string
src/000_plugins.php:138 DemoPluginMethodName Method \TestDemoPlugin::function cannot be called `function`
src/000_plugins.php:139 DemoPluginPropertyName Property \TestDemoPlugin::property should not be called `property`
src/001_globals_type_map.php:5 PhanTypeMismatchArgumentInternal Argument 1 (numerator) is \Exception|\Throwable but \intdiv() takes int
src/001_globals_type_map.php:8 PhanTypeMismatchArgumentInternal Argument 1 (numerator) is \Error|\Throwable but \intdiv() takes int
src/001_globals_type_map.php:12 PhanTypeMismatchArgumentInternal Argument 1 (numerator) is \Exception|\Throwable but \intdiv() takes int
src/001_globals_type_map.php:15 PhanTypeMismatchArgumentInternal Argument 1 (numerator) is \Error|\Throwable but \intdiv() takes int
src/002_unreachable_code.php:5 PhanPluginUnreachableCode Unreachable statement detected
src/002_unreachable_code.php:23 PhanPluginUnreachableCode Unreachable statement detected
src/002_unreachable_code.php:25 PhanPluginUnreachableCode Unreachable statement detected
src/002_unreachable_code.php:40 PhanPluginUnreachableCode Unreachable statement detected
src/002_unreachable_code.php:64 PhanPluginUnreachableCode Unreachable statement detected
src/003_suppress_on_property.php:8 PhanPluginMixedKeyNoKey Should not mix array entries of the form [key => value,] with entries of the form [value,].
src/003_suppress_on_property.php:17 PhanPluginDuplicateArrayKey Duplicate/Equivalent array key literal('key') detected in array - the earlier entry will be ignored.
src/004_unused_suppression_plugin.php:6 UnusedSuppression Element \SuppressionTest suppresses issue PhanPluginNotARealIssue but does not use it
src/004_unused_suppression_plugin.php:11 UnusedSuppression Element \SuppressionTest::foo suppresses issue PhanParamTooMany but does not use it
src/004_unused_suppression_plugin.php:23 UnusedSuppression Element \suppression_test_fn suppresses issue PhanParamTooFew but does not use it
src/004_unused_suppression_plugin.php:27 PhanTypeMismatchArgument Argument 1 (x) is array but \SuppressionTest::bar() takes int defined at src/004_unused_suppression_plugin.php:15
