%s:27 PhanUndeclaredMethod Call to undeclared method \A::z
%s:28 PhanUndeclaredMethod Call to undeclared method \A::z
