%s:35 PhanTypeMismatchArgument Argument 1 (x) is null|object but \A263::expect_array() takes array defined at %s:7
%s:37 PhanTypeMismatchArgument Argument 1 (x) is object but \A263::expect_array() takes array defined at %s:7
%s:40 PhanTypeMismatchArgument Argument 1 (x) is ?object but \A263::expect_array() takes array defined at %s:7
%s:42 PhanTypeMismatchArgument Argument 1 (x) is object but \A263::expect_array() takes array defined at %s:7
%s:44 PhanTypeMismatchArgument Argument 1 (x) is ?object but \A263::expect_array() takes array defined at %s:7
%s:46 PhanTypeMismatchArgument Argument 1 (x) is object but \A263::expect_array() takes array defined at %s:7
%s:54 PhanTypeMismatchArgument Argument 1 (x) is bool|null but \A263::expect_array() takes array defined at %s:7
%s:56 PhanTypeMismatchArgument Argument 1 (x) is true but \A263::expect_array() takes array defined at %s:7
%s:59 PhanTypeMismatchArgument Argument 1 (x) is ?bool but \A263::expect_array() takes array defined at %s:7
%s:61 PhanTypeMismatchArgument Argument 1 (x) is bool but \A263::expect_array() takes array defined at %s:7
%s:63 PhanTypeMismatchArgument Argument 1 (x) is ?bool but \A263::expect_array() takes array defined at %s:7
%s:65 PhanTypeMismatchArgument Argument 1 (x) is bool but \A263::expect_array() takes array defined at %s:7
%s:73 PhanTypeMismatchArgument Argument 1 (x) is ?bool but \A263::expect_array() takes array defined at %s:7
%s:75 PhanTypeMismatchArgument Argument 1 (x) is true but \A263::expect_array() takes array defined at %s:7
