%s:11 PhanTypeMismatchArgumentInternal Argument 1 (numerator) is \C346 but \intdiv() takes int
%s:19 PhanTypeMismatchArgumentInternal Argument 1 (numerator) is \C346 but \intdiv() takes int
%s:24 PhanTypeInvalidInstanceof Found an instanceof class name of type int, but class name must be a valid object or a string
